Starting a Gradle Daemon, 10 stopped Daemons could not be reused, use --status for details

> Configure project :
Fabric Loom: 1.11.8

> Task :clean
